npm warn deprecated inflight@1.0.6: This module is not supported, and leaks memory. Do not use it. Check out lru-cache if you want a good and tested way to coalesce async requests by a key value, which is much more comprehensive and powerful.
npm warn deprecated @npmcli/move-file@2.0.1: This functionality has been moved to @npmcli/fs
npm warn deprecated rimraf@2.7.1: Rimraf versions prior to v4 are no longer supported
npm warn deprecated npmlog@6.0.2: This package is no longer supported.
npm warn deprecated rimraf@3.0.2: Rimraf versions prior to v4 are no longer supported
npm warn deprecated rimraf@3.0.2: Rimraf versions prior to v4 are no longer supported
npm warn deprecated rimraf@3.0.2: Rimraf versions prior to v4 are no longer supported
npm warn deprecated glob@7.2.3: Glob versions prior to v9 are no longer supported
npm warn deprecated glob@7.2.3: Old versions of glob are not supported, and contain widely publicized security vulnerabilities, which have been fixed in the current version. Please update. Support for old versions may be purchased (at exorbitant rates) by contacting i@izs.me
npm warn deprecated glob@7.2.3: Glob versions prior to v9 are no longer supported
npm warn deprecated glob@7.2.3: Glob versions prior to v9 are no longer supported
npm warn deprecated glob@8.1.0: Glob versions prior to v9 are no longer supported
npm warn deprecated glob@7.2.3: Glob versions prior to v9 are no longer supported
npm warn deprecated glob@7.2.3: Glob versions prior to v9 are no longer supported
npm warn deprecated glob@7.2.3: Glob versions prior to v9 are no longer supported
npm warn deprecated are-we-there-yet@3.0.1: This package is no longer supported.
npm warn deprecated boolean@3.2.0: Package no longer supported. Contact Support at https://www.npmjs.com/support for more info.
npm warn deprecated gauge@4.0.4: This package is no longer supported.
npm warn deprecated glob@10.5.0: Old versions of glob are not supported, and contain widely publicized security vulnerabilities, which have been fixed in the current version. Please update. Support for old versions may be purchased (at exorbitant rates) by contacting i@izs.me

> deepagent-webui@0.9.0-alpha.1 prepare
> [ -d dist ] || npm run build


> deepagent-webui@0.9.0-alpha.1 build
> npm run openapi:generate && vue-tsc -b && vite build && tsc --noEmit -p packages/server/tsconfig.json && node scripts/build-server.mjs


> deepagent-webui@0.9.0-alpha.1 openapi:generate
> node scripts/generate-openapi.mjs

Scanning routes...
✓ Generated OpenAPI spec: /home/runner/work/deepseekagent/deepseekagent/webui/docs/openapi.json
  239 endpoints
  38 tags
[36mvite v8.0.14 [32mbuilding client environment for production...[36m[39m
[2Ktransforming...✓ 6253 modules transformed.
rendering chunks...
computing gzip size...
dist/client/index.html                                                 3.98 kB │ gzip:     1.46 kB
dist/client/assets/woff/KaTeX_Size3-Regular-CTq5MqoE.woff              4.42 kB
dist/client/assets/woff2/KaTeX_Size4-Regular-Dl5lxZxV.woff2            4.92 kB
dist/client/assets/woff2/KaTeX_Size2-Regular-Dy4dx90m.woff2            5.20 kB
dist/client/assets/woff2/KaTeX_Size1-Regular-mCD8mA8B.woff2            5.46 kB
dist/client/assets/woff/KaTeX_Size4-Regular-BF-4gkZK.woff              5.98 kB
dist/client/assets/woff/KaTeX_Size2-Regular-oD1tc_U0.woff              6.18 kB
dist/client/assets/woff/KaTeX_Size1-Regular-C195tn64.woff              6.49 kB
dist/client/assets/woff2/KaTeX_Caligraphic-Regular-Di6jR-x-.woff2      6.90 kB
dist/client/assets/woff2/KaTeX_Caligraphic-Bold-Dq_IR9rO.woff2         6.91 kB
dist/client/assets/ttf/KaTeX_Size3-Regular-DgpXs0kz.ttf                7.58 kB
dist/client/assets/woff/KaTeX_Caligraphic-Regular-CTRA-rTL.woff        7.65 kB
dist/client/assets/woff/KaTeX_Caligraphic-Bold-BEiXGLvX.woff           7.71 kB
dist/client/assets/woff2/KaTeX_Script-Regular-D3wIWfF6.woff2           9.64 kB
dist/client/assets/woff2/KaTeX_SansSerif-Regular-DDBCnlJ7.woff2       10.34 kB
dist/client/assets/ttf/KaTeX_Size4-Regular-DWFBv043.ttf               10.36 kB
dist/client/assets/woff/KaTeX_Script-Regular-D5yQViql.woff            10.58 kB
dist/client/assets/woff2/KaTeX_Fraktur-Regular-CTYiF6lA.woff2         11.31 kB
dist/client/assets/woff2/KaTeX_Fraktur-Bold-CL6g_b3V.woff2            11.34 kB
dist/client/assets/ttf/KaTeX_Size2-Regular-B7gKUWhC.ttf               11.50 kB
dist/client/assets/woff2/KaTeX_SansSerif-Italic-C3H0VqGB.woff2        12.02 kB
dist/client/assets/woff2/KaTeX_SansSerif-Bold-D1sUS0GD.woff2          12.21 kB
dist/client/assets/ttf/KaTeX_Size1-Regular-Dbsnue_I.ttf               12.22 kB
dist/client/assets/woff/KaTeX_SansSerif-Regular-CS6fqUqJ.woff         12.31 kB
dist/client/assets/ttf/KaTeX_Caligraphic-Regular-wX97UBjC.ttf         12.34 kB
dist/client/assets/ttf/KaTeX_Caligraphic-Bold-ATXxdsX0.ttf            12.36 kB
dist/client/assets/woff/KaTeX_Fraktur-Regular-Dxdc4cR9.woff           13.20 kB
dist/client/assets/woff/KaTeX_Fraktur-Bold-BsDP51OF.woff              13.29 kB
dist/client/assets/woff2/KaTeX_Typewriter-Regular-CO6r4hn1.woff2      13.56 kB
dist/client/assets/woff/KaTeX_SansSerif-Italic-DN2j7dab.woff          14.11 kB
dist/client/assets/woff/KaTeX_SansSerif-Bold-DbIhKOiC.woff            14.40 kB
dist/client/assets/woff/KaTeX_Typewriter-Regular-C0xS9mPB.woff        16.02 kB
dist/client/assets/woff2/KaTeX_Math-BoldItalic-CZnvNsCZ.woff2         16.40 kB
dist/client/assets/woff2/KaTeX_Math-Italic-t53AETM-.woff2             16.44 kB
dist/client/assets/ttf/KaTeX_Script-Regular-C5JkGWo-.ttf              16.64 kB
dist/client/assets/woff2/KaTeX_Main-BoldItalic-DxDJ3AOS.woff2         16.78 kB
dist/client/assets/woff2/KaTeX_Main-Italic-NWA7e6Wa.woff2             16.98 kB
dist/client/assets/woff/KaTeX_Math-BoldItalic-iY-2wyZ7.woff           18.66 kB
dist/client/assets/woff/KaTeX_Math-Italic-DA0__PXp.woff               18.74 kB
dist/client/assets/woff/KaTeX_Main-BoldItalic-SpSLRI95.woff           19.41 kB
dist/client/assets/ttf/KaTeX_SansSerif-Regular-BNo7hRIc.ttf           19.43 kB
dist/client/assets/ttf/KaTeX_Fraktur-Regular-CB_wures.ttf             19.57 kB
dist/client/assets/ttf/KaTeX_Fraktur-Bold-BdnERNNW.ttf                19.58 kB
dist/client/assets/woff/KaTeX_Main-Italic-BMLOBm91.woff               19.67 kB
dist/client/assets/ttf/KaTeX_SansSerif-Italic-YYjJ1zSn.ttf            22.36 kB
dist/client/assets/ttf/KaTeX_SansSerif-Bold-CFMepnvq.ttf              24.50 kB
dist/client/assets/woff2/KaTeX_Main-Bold-Cx986IdX.woff2               25.32 kB
dist/client/assets/woff2/KaTeX_Main-Regular-B22Nviop.woff2            26.27 kB
dist/client/assets/ttf/KaTeX_Typewriter-Regular-D3Ib7_Hf.ttf          27.55 kB
dist/client/assets/woff2/KaTeX_AMS-Regular-BQhdFMY1.woff2             28.07 kB
dist/client/assets/woff/KaTeX_Main-Bold-Jm3AIy58.woff                 29.91 kB
dist/client/assets/woff/KaTeX_Main-Regular-Dr94JaBh.woff              30.77 kB
dist/client/assets/ttf/KaTeX_Math-BoldItalic-B3XSjfu4.ttf             31.19 kB
dist/client/assets/ttf/KaTeX_Math-Italic-flOr_0UB.ttf                 31.30 kB
dist/client/assets/ttf/KaTeX_Main-BoldItalic-DzxPMmG6.ttf             32.96 kB
dist/client/assets/woff/KaTeX_AMS-Regular-DMm9YOAa.woff               33.51 kB
dist/client/assets/ttf/KaTeX_Main-Italic-3WenGoN9.ttf                 33.58 kB
dist/client/assets/ttf/KaTeX_Main-Bold-waoOVXN0.ttf                   51.33 kB
dist/client/assets/ttf/KaTeX_Main-Regular-ypZvNtVU.ttf                53.58 kB
dist/client/assets/ttf/KaTeX_AMS-Regular-DRggAlZN.ttf                 63.63 kB
dist/client/assets/ttf/codicon-ngg6Pgfi.ttf                          121.97 kB
dist/client/assets/gif/thinking-DoVDAdxi.gif                         214.12 kB
dist/client/assets/editor.worker-D9luhcDD.js                         354.75 kB
dist/client/assets/json.worker-CufQpjzE.js                           528.74 kB
dist/client/assets/html.worker-wL1MtbkJ.js                           879.26 kB
dist/client/assets/css.worker-BIM6TvrI.js                          1,330.65 kB
dist/client/assets/ts.worker-M1Aw0PPZ.js                           8,087.37 kB
dist/client/assets/css/ChatView-DnG1o0IQ.css                           0.09 kB │ gzip:     0.11 kB
dist/client/assets/css/GlobalAgentView-BZUK_-r4.css                    0.10 kB │ gzip:     0.11 kB
dist/client/assets/css/DesktopPetView-BAjQs-_e.css                     0.36 kB │ gzip:     0.17 kB
dist/client/assets/css/PageSidebarFooter-2Y0PhXF4.css                  2.60 kB │ gzip:     0.96 kB
dist/client/assets/css/SettingRow-BU_KTQ5j.css                         2.60 kB │ gzip:     0.93 kB
dist/client/assets/css/chat-timestamp-CVXb5BQq.css                     2.82 kB │ gzip:     0.99 kB
dist/client/assets/css/PetdexView-Df6YFC-K.css                         3.06 kB │ gzip:     0.93 kB
dist/client/assets/css/FilesView-DLGcdF71.css                          3.21 kB │ gzip:     1.06 kB
dist/client/assets/css/HistoryMessageList-D22CPzlY.css                 3.50 kB │ gzip:     1.20 kB
dist/client/assets/css/MemoryView-D4KbI4DT.css                         3.80 kB │ gzip:     1.22 kB
dist/client/assets/css/LoginView-UEXQzgiR.css                          3.88 kB │ gzip:     1.29 kB
dist/client/assets/css/xterm-sLQPUA_C.css                              4.00 kB │ gzip:     1.02 kB
dist/client/assets/css/PluginsView-HD992VPa.css                        4.85 kB │ gzip:     1.46 kB
dist/client/assets/css/LogsView-CMxhihg_.css                           4.89 kB │ gzip:     1.47 kB
dist/client/assets/css/VersionPreviewView-BZm7MZcY.css                 5.28 kB │ gzip:     1.21 kB
dist/client/assets/css/DevicesView-1mYL7Fyw.css                        5.56 kB │ gzip:     1.54 kB
dist/client/assets/css/HistoryView-BX1ij38W.css                        5.98 kB │ gzip:     1.68 kB
dist/client/assets/css/PerformanceView-Dn2GtW7Y.css                    6.53 kB │ gzip:     1.71 kB
dist/client/assets/css/MarkdownRenderer-BdGXRWzI.css                   6.99 kB │ gzip:     1.83 kB
dist/client/assets/css/SettingsCircuitBadge-ONP_ZOvB.css               7.42 kB │ gzip:     1.85 kB
dist/client/assets/css/ChannelsView-p-NpG-8W.css                       7.55 kB │ gzip:     1.33 kB
dist/client/assets/css/TerminalPanel-CKKd6Z8C.css                      7.57 kB │ gzip:     1.94 kB
dist/client/assets/css/TerminalView-k1bjf-Lu.css                       7.79 kB │ gzip:     1.95 kB
dist/client/assets/css/SkillsUsageView-DI5G1isc.css                    7.82 kB │ gzip:     2.16 kB
dist/client/assets/css/CodingAgentsView-CAB7-DmU.css                   7.84 kB │ gzip:     2.03 kB
dist/client/assets/css/ProfilesView-E2Mcw7eB.css                       8.38 kB │ gzip:     1.58 kB
dist/client/assets/css/OutlinePanel-CDlJhLuz.css                       8.73 kB │ gzip:     2.26 kB
dist/client/assets/css/vue-vendor-BY9mLa3u.css                        10.08 kB │ gzip:     1.98 kB
dist/client/assets/css/McpManagerView-BlbrzwQA.css                    10.91 kB │ gzip:     2.31 kB
dist/client/assets/css/JobsView-77BgPUh9.css                          11.34 kB │ gzip:     1.78 kB
dist/client/assets/css/MessageItem-CCrmDEna.css                       12.98 kB │ gzip:     3.01 kB
dist/client/assets/css/FileRenameModal-DP89CuER.css                   13.31 kB │ gzip:     1.81 kB
dist/client/assets/css/UsageView-Bynio95y.css                         13.87 kB │ gzip:     2.24 kB
dist/client/assets/css/KanbanView-BwOZf_JP.css                        20.78 kB │ gzip:     3.45 kB
dist/client/assets/css/ChatPanel-Cvrbmxox.css                         24.43 kB │ gzip:     3.97 kB
dist/client/assets/css/SkillsView-Ch-R2ULI.css                        26.24 kB │ gzip:     3.76 kB
dist/client/assets/css/WorkflowView-BlPXxBEV.css                      28.41 kB │ gzip:     4.77 kB
dist/client/assets/css/vendor-DX3NCGtF.css                            29.12 kB │ gzip:     7.93 kB
dist/client/assets/css/MessageList-C0ghtyAc.css                       29.82 kB │ gzip:     5.89 kB
dist/client/assets/css/ModelsView-BTcHwNPE.css                        30.10 kB │ gzip:     4.19 kB
dist/client/assets/css/SettingsView-BWSSST2h.css                      39.46 kB │ gzip:     3.54 kB
dist/client/assets/css/GroupChatView-CfVsCR-d.css                     40.00 kB │ gzip:     6.34 kB
dist/client/assets/css/index-HAtt078H.css                             55.95 kB │ gzip:     8.25 kB
dist/client/assets/css/monaco-editor-DPqmyJk4.css                    147.43 kB │ gzip:    22.73 kB
dist/client/assets/js/chat-input-height-BhYiNOv7.js                    0.28 kB │ gzip:     0.22 kB
dist/client/assets/js/DesktopPetView-CPeuGI6u.js                       0.46 kB │ gzip:     0.32 kB
dist/client/assets/js/SettingRow-Cc0L3Mf5.js                           0.70 kB │ gzip:     0.43 kB
dist/client/assets/js/clipboard-1NPxC3YL.js                            0.78 kB │ gzip:     0.45 kB
dist/client/assets/js/rolldown-runtime-M0oDzQ_3.js                     0.82 kB │ gzip:     0.47 kB
dist/client/assets/js/GlobalAgentView-CVp7SmMZ.js                      1.41 kB │ gzip:     0.77 kB
dist/client/assets/js/ChatView-Byz42Mw8.js                             1.46 kB │ gzip:     0.81 kB
dist/client/assets/js/session-browser-prefs-CI77f2tK.js                1.52 kB │ gzip:     0.74 kB
dist/client/assets/js/models-DIj_Cfiz.js                               1.60 kB │ gzip:     0.76 kB
dist/client/assets/js/PageSidebarFooter-D-5vGxAZ.js                    1.61 kB │ gzip:     0.82 kB
dist/client/assets/js/skills-CRRZ5r9y.js                               2.22 kB │ gzip:     0.92 kB
dist/client/assets/js/system-BlLw_kmg.js                               2.28 kB │ gzip:     0.68 kB
dist/client/assets/js/files-BRXFlgtY.js                                2.42 kB │ gzip:     0.94 kB
dist/client/assets/js/LoginView-CmcVQm6S.js                            2.73 kB │ gzip:     1.32 kB
dist/client/assets/js/FilesView-CFwzZ4-g.js                            3.38 kB │ gzip:     1.59 kB
dist/client/assets/js/HistoryMessageList-DHbQWRO7.js                   3.56 kB │ gzip:     1.66 kB
dist/client/assets/js/LogsView-DLeczN7w.js                             3.96 kB │ gzip:     1.78 kB
dist/client/assets/js/PetdexView-Bb-DFZUD.js                           5.14 kB │ gzip:     2.24 kB
dist/client/assets/js/PerformanceView-Ca56TIKE.js                      6.75 kB │ gzip:     2.40 kB
dist/client/assets/js/VersionPreviewView-D8bty6g2.js                   7.32 kB │ gzip:     2.45 kB
dist/client/assets/js/SettingsCircuitBadge-BRnOuRRq.js                 7.40 kB │ gzip:     2.19 kB
dist/client/assets/js/chat-timestamp-DVuC6NP6.js                       7.43 kB │ gzip:     2.91 kB
dist/client/assets/js/MemoryView-DSM_gzBE.js                           8.07 kB │ gzip:     2.44 kB
dist/client/assets/js/PluginsView-CM9vM8eq.js                          8.11 kB │ gzip:     2.76 kB
dist/client/assets/js/SkillsUsageView-Re4DuU6w.js                      8.12 kB │ gzip:     3.02 kB
dist/client/assets/js/OutlinePanel-Djjfg_bn.js                         8.29 kB │ gzip:     3.38 kB
dist/client/assets/js/useSttSettings-fSgYA2t7.js                       9.14 kB │ gzip:     3.08 kB
dist/client/assets/js/TerminalPanel-DhXlKfi4.js                       10.61 kB │ gzip:     4.30 kB
dist/client/assets/js/UsageView-qXNicm9v.js                           11.41 kB │ gzip:     3.69 kB
dist/client/assets/js/DevicesView-Dmog5b7h.js                         11.63 kB │ gzip:     3.40 kB
dist/client/assets/js/CodingAgentsView-D27gTpQs.js                    13.59 kB │ gzip:     4.48 kB
dist/client/assets/js/ProfilesView-Cc0kElU7.js                        13.64 kB │ gzip:     4.15 kB
dist/client/assets/js/router-B5bAnupZ.js                              13.82 kB │ gzip:     4.09 kB
dist/client/assets/js/TerminalView-DXx9K2Ms.js                        14.87 kB │ gzip:     5.10 kB
dist/client/assets/js/ttsHelpers-Cc467fXd.js                          15.02 kB │ gzip:     5.00 kB
dist/client/assets/js/McpManagerView-CcK17_H9.js                      17.38 kB │ gzip:     5.66 kB
dist/client/assets/js/MarkdownRenderer-plxjpqIb.js                    17.50 kB │ gzip:     6.90 kB
dist/client/assets/js/HistoryView-DTJ9SDs1.js                         19.68 kB │ gzip:     6.41 kB
dist/client/assets/js/JobsView-i8u9gFtZ.js                            20.15 kB │ gzip:     6.74 kB
dist/client/assets/js/FileRenameModal-Be6Qs0Nq.js                     20.99 kB │ gzip:     7.44 kB
dist/client/assets/js/MessageItem-CGoVYizr.js                         22.05 kB │ gzip:     7.12 kB
dist/client/assets/js/ChannelsView-DRJhxdEd.js                        34.59 kB │ gzip:     8.51 kB
dist/client/assets/js/SkillsView-OurU0ZJ6.js                          36.76 kB │ gzip:    10.70 kB
dist/client/assets/js/KanbanView-BEJ1hIMD.js                          42.27 kB │ gzip:    12.18 kB
dist/client/assets/js/ChatPanel-DDJLS6MK.js                           42.95 kB │ gzip:    12.73 kB
dist/client/assets/js/WorkflowView-jgj9o-TD.js                        55.62 kB │ gzip:    16.98 kB
dist/client/assets/js/MessageList-Cy3DShMI.js                         57.05 kB │ gzip:    18.42 kB
dist/client/assets/js/ModelsView-BJm-i4on.js                          67.71 kB │ gzip:    15.58 kB
dist/client/assets/js/GroupChatView-6e0Kii0p.js                       74.02 kB │ gzip:    22.27 kB
dist/client/assets/js/SettingsView-bM3ShUYF.js                        81.43 kB │ gzip:    20.18 kB
dist/client/assets/js/vue-vendor-BXr1mR4y.js                         341.66 kB │ gzip:   115.27 kB
dist/client/assets/js/xterm-CraVE7U3.js                              346.20 kB │ gzip:    90.28 kB
dist/client/assets/js/ui-vendor-DGkhNoVP.js                          921.14 kB │ gzip:   267.22 kB
dist/client/assets/js/index-CtvS1Fqw.js                            1,136.52 kB │ gzip:   352.70 kB
dist/client/assets/js/vendor-B1Lfatlz.js                           1,795.11 kB │ gzip:   584.63 kB
dist/client/assets/js/mermaid-CWQI515T.js                          3,187.48 kB │ gzip:   897.16 kB
dist/client/assets/js/monaco-editor-YM0cdSGX.js                    4,277.21 kB │ gzip: 1,128.34 kB

[32m✓ built in 8.52s[39m
[33m[plugin builtin:vite-reporter] 
(!) Some chunks are larger than 1000 kB after minification. Consider:
- Using dynamic import() to code-split the application
- Use build.rolldownOptions.output.codeSplitting to improve chunking: https://rolldown.rs/reference/OutputOptions.codeSplitting
- Adjust chunk size limit for this warning via build.chunkSizeWarningLimit.[39m
packages/server/src/services/runtime-task-supervisor-client.test.ts(67,31): error TS2558: Expected 0 type arguments, but got 1.
npm error code 2
npm error path /home/runner/work/deepseekagent/deepseekagent/webui
npm error command failed
npm error command sh -c [ -d dist ] || npm run build
npm error A complete log of this run can be found in: /home/runner/.npm/_logs/2026-07-28T11_54_09_023Z-debug-0.log
